\BOOKMARK [0][-]{chapter.1}{\376\377\000I\000n\000t\000r\000o\000d\000u\000c\000t\000i\000o\000n}{}% 1
\BOOKMARK [1][-]{section.1.1}{\376\377\000E\000s\000s\000e\000n\000t\000i\000a\000l\000s\000\040\000v\000s\000.\000\040\000S\000t\000a\000n\000d\000a\000r\000d}{chapter.1}% 2
\BOOKMARK [1][-]{section.1.2}{\376\377\000H\000i\000s\000t\000o\000r\000y}{chapter.1}% 3
\BOOKMARK [1][-]{section.1.3}{\376\377\000S\000e\000t\000u\000p}{chapter.1}% 4
\BOOKMARK [1][-]{section.1.4}{\376\377\000T\000h\000e\000\040\000P\000o\000r\000t\000a\000b\000l\000e\000\040\000D\000o\000c\000u\000m\000e\000n\000t\000\040\000F\000o\000r\000m\000a\000t\000\040\000\050\000P\000D\000F\000\051\000\040\000b\000y\000\040\000A\000d\000o\000b\000e}{chapter.1}% 5
\BOOKMARK [1][-]{section.1.5}{\376\377\000C\000r\000e\000a\000t\000i\000n\000g\000\040\000Y\000o\000u\000r\000\040\000F\000i\000r\000s\000t\000\040\000P\000D\000F}{chapter.1}% 6
\BOOKMARK [1][-]{section.1.6}{\376\377\000M\000o\000d\000i\000f\000y\000i\000n\000g\000\040\000Y\000o\000u\000r\000\040\000F\000i\000r\000s\000t\000\040\000P\000D\000F}{chapter.1}% 7
\BOOKMARK [1][-]{section.1.7}{\376\377\000S\000u\000m\000m\000a\000r\000y}{chapter.1}% 8
\BOOKMARK [-1][-]{part.1}{\376\377\000I\000\040\000C\000r\000e\000a\000t\000i\000n\000g\000\040\000P\000D\000F\000\040\000D\000o\000c\000u\000m\000e\000n\000t\000s}{}% 9
\BOOKMARK [0][-]{chapter.2}{\376\377\000D\000o\000c\000u\000m\000e\000n\000t\000s}{part.1}% 10
\BOOKMARK [1][-]{section.2.1}{\376\377\000C\000r\000e\000a\000t\000i\000n\000g\000\040\000a\000\040\000D\000o\000c\000u\000m\000e\000n\000t}{chapter.2}% 11
\BOOKMARK [1][-]{section.2.2}{\376\377\000A\000d\000d\000i\000n\000g\000\040\000P\000a\000g\000e\000s}{chapter.2}% 12
\BOOKMARK [1][-]{section.2.3}{\376\377\000C\000o\000o\000r\000d\000i\000n\000a\000t\000e\000\040\000S\000y\000s\000t\000e\000m}{chapter.2}% 13
\BOOKMARK [1][-]{section.2.4}{\376\377\000H\000T\000M\000L\000\040\000L\000a\000y\000o\000u\000t}{chapter.2}% 14
\BOOKMARK [1][-]{section.2.5}{\376\377\000A\000d\000d\000i\000n\000g\000\040\000D\000o\000c\000u\000m\000e\000n\000t\000\040\000P\000r\000o\000p\000e\000r\000t\000i\000e\000s}{chapter.2}% 15
\BOOKMARK [1][-]{section.2.6}{\376\377\000V\000i\000e\000w\000e\000r\000\040\000P\000r\000e\000f\000e\000r\000e\000n\000c\000e\000s}{chapter.2}% 16
\BOOKMARK [1][-]{section.2.7}{\376\377\000S\000u\000m\000m\000a\000r\000y}{chapter.2}% 17
\BOOKMARK [0][-]{chapter.3}{\376\377\000T\000e\000m\000p\000l\000a\000t\000e\000s\000\040\000a\000n\000d\000\040\000S\000e\000c\000t\000i\000o\000n\000s}{part.1}% 18
\BOOKMARK [1][-]{section.3.1}{\376\377\000A\000p\000p\000l\000y\000i\000n\000g\000\040\000T\000e\000m\000p\000l\000a\000t\000e\000s}{chapter.3}% 19
\BOOKMARK [1][-]{section.3.2}{\376\377\000S\000e\000c\000t\000i\000o\000n\000i\000n\000g\000\040\000D\000o\000c\000u\000m\000e\000n\000t\000s}{chapter.3}% 20
\BOOKMARK [1][-]{section.3.3}{\376\377\000A\000\040\000C\000o\000m\000p\000l\000e\000t\000e\000\040\000E\000x\000a\000m\000p\000l\000e}{chapter.3}% 21
\BOOKMARK [1][-]{section.3.4}{\376\377\000S\000u\000m\000m\000a\000r\000y}{chapter.3}% 22
\BOOKMARK [0][-]{chapter.4}{\376\377\000T\000e\000x\000t}{part.1}% 23
\BOOKMARK [1][-]{section.4.1}{\376\377\000P\000a\000g\000e\000\040\000E\000l\000e\000m\000e\000n\000t\000s\000\040\000N\000a\000m\000e\000s\000p\000a\000c\000e}{chapter.4}% 24
\BOOKMARK [1][-]{section.4.2}{\376\377\000L\000a\000b\000e\000l\000s}{chapter.4}% 25
\BOOKMARK [1][-]{section.4.3}{\376\377\000T\000e\000x\000t\000\040\000A\000r\000e\000a}{chapter.4}% 26
\BOOKMARK [1][-]{section.4.4}{\376\377\000F\000o\000r\000m\000a\000t\000t\000e\000d\000\040\000T\000e\000x\000t\000\040\000A\000r\000e\000a}{chapter.4}% 27
\BOOKMARK [1][-]{section.4.5}{\376\377\000H\000T\000M\000L\000\040\000A\000r\000e\000a}{chapter.4}% 28
\BOOKMARK [1][-]{section.4.6}{\376\377\000L\000i\000s\000t\000s}{chapter.4}% 29
\BOOKMARK [1][-]{section.4.7}{\376\377\000N\000o\000t\000e\000s}{chapter.4}% 30
\BOOKMARK [1][-]{section.4.8}{\376\377\000P\000a\000g\000e\000\040\000N\000u\000m\000b\000e\000r\000i\000n\000g\000\040\000L\000a\000b\000e\000l\000s}{chapter.4}% 31
\BOOKMARK [1][-]{section.4.9}{\376\377\000T\000e\000x\000t\000W\000a\000t\000e\000r\000m\000a\000r\000k\000\040}{chapter.4}% 32
\BOOKMARK [1][-]{section.4.10}{\376\377\000L\000i\000n\000k}{chapter.4}% 33
\BOOKMARK [1][-]{section.4.11}{\376\377\000A\000u\000t\000o\000L\000a\000y\000o\000u\000t}{chapter.4}% 34
\BOOKMARK [1][-]{section.4.12}{\376\377\000S\000u\000m\000m\000a\000r\000y}{chapter.4}% 35
\BOOKMARK [0][-]{chapter.5}{\376\377\000V\000e\000c\000t\000o\000r\000\040\000G\000r\000a\000p\000h\000i\000c\000s}{part.1}% 36
\BOOKMARK [1][-]{section.5.1}{\376\377\000L\000i\000n\000e\000s}{chapter.5}% 37
\BOOKMARK [1][-]{section.5.2}{\376\377\000R\000e\000c\000t\000a\000n\000g\000l\000e\000s}{chapter.5}% 38
\BOOKMARK [1][-]{section.5.3}{\376\377\000C\000i\000r\000c\000l\000e\000s}{chapter.5}% 39
\BOOKMARK [1][-]{section.5.4}{\376\377\000P\000a\000t\000h\000s}{chapter.5}% 40
\BOOKMARK [1][-]{section.5.5}{\376\377\000A\000u\000t\000o\000L\000a\000y\000o\000u\000t}{chapter.5}% 41
\BOOKMARK [1][-]{section.5.6}{\376\377\000S\000u\000m\000m\000a\000r\000y}{chapter.5}% 42
\BOOKMARK [0][-]{chapter.6}{\376\377\000I\000m\000a\000g\000e\000s}{part.1}% 43
\BOOKMARK [1][-]{section.6.1}{\376\377\000I\000m\000a\000g\000e}{chapter.6}% 44
\BOOKMARK [1][-]{section.6.2}{\376\377\000T\000i\000f\000f\000\040\000I\000m\000a\000g\000e\000s}{chapter.6}% 45
\BOOKMARK [1][-]{section.6.3}{\376\377\000B\000a\000c\000k\000g\000r\000o\000u\000n\000d\000I\000m\000a\000g\000e}{chapter.6}% 46
\BOOKMARK [1][-]{section.6.4}{\376\377\000I\000m\000a\000g\000e\000W\000a\000t\000e\000r\000m\000a\000r\000k}{chapter.6}% 47
\BOOKMARK [1][-]{section.6.5}{\376\377\000I\000m\000a\000g\000e\0003\000d}{chapter.6}% 48
\BOOKMARK [1][-]{section.6.6}{\376\377\000A\000u\000t\000o\000L\000a\000y\000o\000u\000t}{chapter.6}% 49
\BOOKMARK [1][-]{section.6.7}{\376\377\000S\000u\000m\000m\000a\000r\000y}{chapter.6}% 50
\BOOKMARK [0][-]{chapter.7}{\376\377\000G\000r\000o\000u\000p\000i\000n\000g}{part.1}% 51
\BOOKMARK [1][-]{section.7.1}{\376\377\000C\000o\000n\000t\000e\000n\000t\000A\000r\000e\000a}{chapter.7}% 52
\BOOKMARK [1][-]{section.7.2}{\376\377\000A\000r\000e\000a\000G\000r\000o\000u\000p}{chapter.7}% 53
\BOOKMARK [1][-]{section.7.3}{\376\377\000A\000n\000c\000h\000o\000r\000G\000r\000o\000u\000p}{chapter.7}% 54
\BOOKMARK [1][-]{section.7.4}{\376\377\000T\000r\000a\000n\000s\000f\000o\000r\000m\000a\000t\000i\000o\000n\000G\000r\000o\000u\000p}{chapter.7}% 55
\BOOKMARK [1][-]{section.7.5}{\376\377\000T\000r\000a\000n\000s\000p\000a\000r\000e\000n\000c\000y\000G\000r\000o\000u\000p}{chapter.7}% 56
\BOOKMARK [1][-]{section.7.6}{\376\377\000S\000u\000m\000m\000a\000r\000y}{chapter.7}% 57
\BOOKMARK [0][-]{chapter.8}{\376\377\000F\000o\000n\000t\000s\000\040\000a\000n\000d\000\040\000C\000o\000l\000o\000r\000s}{part.1}% 58
\BOOKMARK [1][-]{section.8.1}{\376\377\000F\000o\000n\000t\000s}{chapter.8}% 59
\BOOKMARK [1][-]{section.8.2}{\376\377\000C\000o\000l\000o\000r\000s}{chapter.8}% 60
\BOOKMARK [1][-]{section.8.3}{\376\377\000S\000u\000m\000m\000a\000r\000y}{chapter.8}% 61
\BOOKMARK [0][-]{chapter.9}{\376\377\000T\000a\000b\000l\000e\000s}{part.1}% 62
\BOOKMARK [1][-]{section.9.1}{\376\377\000C\000r\000e\000a\000t\000i\000n\000g}{chapter.9}% 63
\BOOKMARK [1][-]{section.9.2}{\376\377\000F\000o\000r\000m\000a\000t\000t\000i\000n\000g}{chapter.9}% 64
\BOOKMARK [1][-]{section.9.3}{\376\377\000E\000x\000a\000m\000p\000l\000e\000\040\000T\000a\000b\000l\000e}{chapter.9}% 65
\BOOKMARK [1][-]{section.9.4}{\376\377\000A\000u\000t\000o\000L\000a\000y\000o\000u\000t}{chapter.9}% 66
\BOOKMARK [1][-]{section.9.5}{\376\377\000S\000u\000m\000m\000a\000r\000y}{chapter.9}% 67
\BOOKMARK [0][-]{chapter.10}{\376\377\000C\000h\000a\000r\000t\000s\000\040\000I}{part.1}% 68
\BOOKMARK [1][-]{section.10.1}{\376\377\000C\000h\000a\000r\000t\000\040\000E\000l\000e\000m\000e\000n\000t\000s}{chapter.10}% 69
\BOOKMARK [1][-]{section.10.2}{\376\377\000P\000i\000e\000\040\000C\000h\000a\000r\000t\000s}{chapter.10}% 70
\BOOKMARK [1][-]{section.10.3}{\376\377\000B\000a\000r\000\040\000C\000h\000a\000r\000t}{chapter.10}% 71
\BOOKMARK [1][-]{section.10.4}{\376\377\000C\000o\000l\000u\000m\000n\000\040\000C\000h\000a\000r\000t}{chapter.10}% 72
\BOOKMARK [1][-]{section.10.5}{\376\377\000M\000o\000r\000e\000\040\000o\000n\000\040\000C\000h\000a\000r\000t\000s}{chapter.10}% 73
\BOOKMARK [1][-]{section.10.6}{\376\377\000A\000u\000t\000o\000L\000a\000y\000o\000u\000t}{chapter.10}% 74
\BOOKMARK [1][-]{section.10.7}{\376\377\000S\000u\000m\000m\000a\000r\000y}{chapter.10}% 75
\BOOKMARK [0][-]{chapter.11}{\376\377\000C\000h\000a\000r\000t\000s\000\040\000I\000I}{part.1}% 76
\BOOKMARK [1][-]{section.11.1}{\376\377\000L\000i\000n\000e\000\040\000C\000h\000a\000r\000t}{chapter.11}% 77
\BOOKMARK [1][-]{section.11.2}{\376\377\000A\000r\000e\000a\000\040\000C\000h\000a\000r\000t}{chapter.11}% 78
\BOOKMARK [1][-]{section.11.3}{\376\377\000S\000c\000a\000t\000t\000e\000r\000\040\000C\000h\000a\000r\000t}{chapter.11}% 79
\BOOKMARK [1][-]{section.11.4}{\376\377\000M\000o\000r\000e\000\040\000o\000n\000\040\000C\000h\000a\000r\000t\000s}{chapter.11}% 80
\BOOKMARK [1][-]{section.11.5}{\376\377\000S\000u\000m\000m\000a\000r\000y}{chapter.11}% 81
\BOOKMARK [0][-]{chapter.12}{\376\377\000B\000a\000r\000\040\000C\000o\000d\000e\000s}{part.1}% 82
\BOOKMARK [1][-]{section.12.1}{\376\377\000U\000P\000C\000\040\000C\000o\000d\000e}{chapter.12}% 83
\BOOKMARK [1][-]{section.12.2}{\376\377\000E\000A\000N\000\040\000C\000o\000d\000e}{chapter.12}% 84
\BOOKMARK [1][-]{section.12.3}{\376\377\000Q\000R\000\040\000C\000o\000d\000e}{chapter.12}% 85
\BOOKMARK [1][-]{section.12.4}{\376\377\000A\000z\000t\000e\000c\000\040\000C\000o\000d\000e}{chapter.12}% 86
\BOOKMARK [1][-]{section.12.5}{\376\377\000A\000u\000t\000o\000L\000a\000y\000o\000u\000t}{chapter.12}% 87
\BOOKMARK [1][-]{section.12.6}{\376\377\000S\000u\000m\000m\000a\000r\000y}{chapter.12}% 88
\BOOKMARK [0][-]{chapter.13}{\376\377\000O\000u\000t\000l\000i\000n\000e\000s\000\040\000a\000n\000d\000\040\000B\000o\000o\000k\000m\000a\000r\000k\000s}{part.1}% 89
\BOOKMARK [1][-]{section.13.1}{\376\377\000O\000u\000t\000l\000i\000n\000e\000s}{chapter.13}% 90
\BOOKMARK [1][-]{section.13.2}{\376\377\000O\000u\000t\000l\000i\000n\000e\000\040\000A\000c\000t\000i\000o\000n\000s}{chapter.13}% 91
\BOOKMARK [1][-]{section.13.3}{\376\377\000B\000o\000o\000k\000m\000a\000r\000k\000s}{chapter.13}% 92
\BOOKMARK [1][-]{section.13.4}{\376\377\000S\000u\000m\000m\000a\000r\000y}{chapter.13}% 93
\BOOKMARK [0][-]{chapter.14}{\376\377\000S\000e\000c\000u\000r\000i\000n\000g\000\040\000P\000D\000F\000\040\000D\000o\000c\000u\000m\000e\000n\000t\000s}{part.1}% 94
\BOOKMARK [1][-]{section.14.1}{\376\377\000E\000n\000c\000r\000y\000p\000t\000i\000n\000g\000\040\000a\000n\000d\000\040\000P\000a\000s\000s\000w\000o\000r\000d\000\040\000P\000r\000o\000t\000e\000c\000t\000i\000n\000g}{chapter.14}% 95
\BOOKMARK [1][-]{section.14.2}{\376\377\000D\000i\000g\000i\000t\000a\000l\000l\000y\000\040\000S\000i\000g\000n\000i\000n\000g\000\040\000a\000n\000d\000\040\000C\000e\000r\000t\000i\000f\000y\000i\000n\000g}{chapter.14}% 96
\BOOKMARK [1][-]{section.14.3}{\376\377\000C\000e\000r\000t\000i\000f\000i\000c\000a\000t\000e\000s}{chapter.14}% 97
\BOOKMARK [1][-]{section.14.4}{\376\377\000D\000i\000g\000i\000t\000a\000l\000l\000y\000\040\000S\000i\000g\000n\000i\000n\000g}{chapter.14}% 98
\BOOKMARK [1][-]{section.14.5}{\376\377\000S\000u\000m\000m\000a\000r\000y}{chapter.14}% 99
\BOOKMARK [0][-]{chapter.15}{\376\377\000C\000r\000e\000a\000t\000i\000n\000g\000\040\000I\000n\000t\000e\000r\000a\000c\000t\000i\000v\000e\000\040\000F\000o\000r\000m\000s}{part.1}% 100
\BOOKMARK [1][-]{section.15.1}{\376\377\000F\000o\000r\000m\000E\000l\000e\000m\000e\000n\000t}{chapter.15}% 101
\BOOKMARK [1][-]{section.15.2}{\376\377\000C\000h\000e\000c\000k\000B\000o\000x}{chapter.15}% 102
\BOOKMARK [1][-]{section.15.3}{\376\377\000R\000a\000d\000i\000o\000\040\000B\000u\000t\000t\000o\000n\000s}{chapter.15}% 103
\BOOKMARK [1][-]{section.15.4}{\376\377\000T\000e\000x\000t\000\040\000F\000i\000e\000l\000d\000s}{chapter.15}% 104
\BOOKMARK [1][-]{section.15.5}{\376\377\000L\000i\000s\000t\000\040\000B\000o\000x\000e\000s}{chapter.15}% 105
\BOOKMARK [1][-]{section.15.6}{\376\377\000C\000o\000m\000b\000o\000\040\000B\000o\000x\000e\000s}{chapter.15}% 106
\BOOKMARK [1][-]{section.15.7}{\376\377\000B\000u\000t\000t\000o\000n}{chapter.15}% 107
\BOOKMARK [1][-]{section.15.8}{\376\377\000S\000i\000g\000n\000a\000t\000u\000r\000e}{chapter.15}% 108
\BOOKMARK [1][-]{section.15.9}{\376\377\000A\000u\000t\000o\000L\000a\000y\000o\000u\000t}{chapter.15}% 109
\BOOKMARK [1][-]{section.15.10}{\376\377\000S\000u\000m\000m\000a\000r\000y}{chapter.15}% 110
\BOOKMARK [0][-]{chapter.16}{\376\377\000M\000a\000k\000i\000n\000g\000\040\000P\000D\000F\000s\000\040\000I\000n\000t\000e\000r\000a\000c\000t\000i\000v\000e}{part.1}% 111
\BOOKMARK [1][-]{section.16.1}{\376\377\000E\000v\000e\000n\000t\000s}{chapter.16}% 112
\BOOKMARK [1][-]{section.16.2}{\376\377\000A\000c\000t\000i\000o\000n\000s}{chapter.16}% 113
\BOOKMARK [1][-]{section.16.3}{\376\377\000S\000u\000m\000m\000a\000r\000y}{chapter.16}% 114
\BOOKMARK [0][-]{chapter.17}{\376\377\000U\000s\000i\000n\000g\000\040\000J\000a\000v\000a\000S\000c\000r\000i\000p\000t}{part.1}% 115
\BOOKMARK [1][-]{section.17.1}{\376\377\000R\000u\000n\000-\000T\000i\000m\000e\000\040\000P\000D\000F\000\040\000F\000u\000n\000c\000t\000i\000o\000n\000a\000l\000i\000t\000y}{chapter.17}% 116
\BOOKMARK [1][-]{section.17.2}{\376\377\000D\000o\000c\000u\000m\000e\000n\000t\000J\000a\000v\000a\000S\000c\000r\000i\000p\000t}{chapter.17}% 117
\BOOKMARK [1][-]{section.17.3}{\376\377\000J\000a\000v\000a\000S\000c\000r\000i\000p\000t\000A\000c\000t\000i\000o\000n}{chapter.17}% 118
\BOOKMARK [1][-]{section.17.4}{\376\377\000J\000a\000v\000a\000S\000c\000r\000i\000p\000t\000A\000c\000t\000i\000o\000n\000\040\000a\000n\000d\000\040\000D\000o\000c\000u\000m\000e\000n\000t\000J\000a\000v\000a\000S\000c\000r\000i\000p\000t}{chapter.17}% 119
\BOOKMARK [1][-]{section.17.5}{\376\377\000S\000u\000m\000m\000a\000r\000y}{chapter.17}% 120
\BOOKMARK [0][-]{chapter.18}{\376\377\000S\000u\000b\000m\000i\000t\000t\000i\000n\000g\000\040\000F\000o\000r\000m\000s}{part.1}% 121
\BOOKMARK [1][-]{section.18.1}{\376\377\000E\000m\000a\000i\000l\000i\000n\000g\000\040\000a\000\040\000F\000o\000r\000m}{chapter.18}% 122
\BOOKMARK [1][-]{section.18.2}{\376\377\000S\000u\000b\000m\000i\000t\000t\000i\000n\000g\000\040\000a\000\040\000F\000o\000r\000m}{chapter.18}% 123
\BOOKMARK [1][-]{section.18.3}{\376\377\000S\000u\000m\000m\000a\000r\000y}{chapter.18}% 124
\BOOKMARK [0][-]{chapter.19}{\376\377\000E\000m\000b\000e\000d\000d\000i\000n\000g\000\040\000a\000n\000d\000\040\000P\000o\000r\000t\000f\000o\000l\000i\000o\000s}{part.1}% 125
\BOOKMARK [1][-]{section.19.1}{\376\377\000E\000m\000b\000e\000d\000d\000i\000n\000g\000\040\000F\000i\000l\000e\000s}{chapter.19}% 126
\BOOKMARK [1][-]{section.19.2}{\376\377\000P\000o\000r\000t\000f\000o\000l\000i\000o\000s}{chapter.19}% 127
\BOOKMARK [1][-]{section.19.3}{\376\377\000S\000u\000m\000m\000a\000r\000y}{chapter.19}% 128
\BOOKMARK [0][-]{chapter.20}{\376\377\000A\000c\000c\000e\000s\000s\000i\000b\000i\000l\000i\000t\000y}{part.1}% 129
\BOOKMARK [1][-]{section.20.1}{\376\377\000P\000D\000F\000/\000U\000A}{chapter.20}% 130
\BOOKMARK [1][-]{section.20.2}{\376\377\000A\000t\000t\000a\000c\000h\000i\000n\000g\000\040\000S\000c\000h\000e\000m\000a}{chapter.20}% 131
\BOOKMARK [1][-]{section.20.3}{\376\377\000E\000m\000b\000e\000d\000d\000i\000n\000g\000\040\000F\000o\000n\000t\000s}{chapter.20}% 132
\BOOKMARK [1][-]{section.20.4}{\376\377\000V\000a\000l\000i\000d\000a\000t\000i\000n\000g\000\040\000A\000c\000c\000e\000s\000s\000i\000b\000i\000l\000i\000t\000y}{chapter.20}% 133
\BOOKMARK [1][-]{section.20.5}{\376\377\000S\000t\000r\000u\000c\000t\000u\000r\000i\000n\000g\000\040\000a\000n\000d\000\040\000T\000a\000g\000g\000i\000n\000g}{chapter.20}% 134
\BOOKMARK [1][-]{section.20.6}{\376\377\000M\000a\000n\000u\000a\000l\000\040\000T\000a\000g\000g\000i\000n\000g\000\040\000a\000n\000d\000\040\000S\000t\000r\000u\000c\000t\000u\000r\000e}{chapter.20}% 135
\BOOKMARK [1][-]{section.20.7}{\376\377\000T\000a\000g\000g\000i\000n\000g\000\040\000a\000\040\000F\000o\000r\000m}{chapter.20}% 136
\BOOKMARK [1][-]{section.20.8}{\376\377\000H\000a\000n\000d\000l\000i\000n\000g\000\040\000T\000e\000m\000p\000l\000a\000t\000e\000s}{chapter.20}% 137
\BOOKMARK [1][-]{section.20.9}{\376\377\000S\000u\000m\000m\000a\000r\000y}{chapter.20}% 138
\BOOKMARK [0][-]{chapter.21}{\376\377\000A\000r\000c\000h\000i\000v\000i\000n\000g\000\040\000a\000n\000d\000\040\000P\000D\000F\000/\000A}{part.1}% 139
\BOOKMARK [1][-]{section.21.1}{\376\377\000P\000D\000F\000/\000A}{chapter.21}% 140
\BOOKMARK [1][-]{section.21.2}{\376\377\000E\000m\000b\000e\000d\000d\000i\000n\000g\000\040\000F\000o\000n\000t\000s}{chapter.21}% 141
\BOOKMARK [1][-]{section.21.3}{\376\377\000E\000m\000b\000e\000d\000d\000i\000n\000g\000\040\000C\000o\000l\000o\000r\000\040\000P\000r\000o\000f\000i\000l\000e}{chapter.21}% 142
\BOOKMARK [1][-]{section.21.4}{\376\377\000P\000D\000F\000/\000A\000\040\000S\000c\000h\000e\000m\000a\000\040\000a\000n\000d\000\040\000M\000e\000t\000a\000d\000a\000t\000a}{chapter.21}% 143
\BOOKMARK [1][-]{section.21.5}{\376\377\000P\000D\000F\000/\000A\000-\0001\000a}{chapter.21}% 144
\BOOKMARK [1][-]{section.21.6}{\376\377\000P\000d\000f\000A\000-\0002\000a}{chapter.21}% 145
\BOOKMARK [1][-]{section.21.7}{\376\377\000S\000u\000m\000m\000a\000r\000y}{chapter.21}% 146
\BOOKMARK [-1][-]{part.2}{\376\377\000I\000I\000\040\000M\000o\000d\000i\000f\000y\000i\000n\000g\000\040\000P\000D\000F\000\040\000D\000o\000c\000u\000m\000e\000n\000t\000s}{}% 147
\BOOKMARK [0][-]{chapter.22}{\376\377\000M\000e\000r\000g\000i\000n\000g}{part.2}% 148
\BOOKMARK [1][-]{section.22.1}{\376\377\000M\000e\000r\000g\000i\000n\000g\000\040\000P\000D\000F\000\040\000D\000o\000c\000u\000m\000e\000n\000t\000s}{chapter.22}% 149
\BOOKMARK [1][-]{section.22.2}{\376\377\000M\000e\000r\000g\000e\000\040\000O\000p\000t\000i\000o\000n\000s}{chapter.22}% 150
\BOOKMARK [1][-]{section.22.3}{\376\377\000E\000x\000t\000r\000a\000c\000t\000i\000n\000g\000\040\000C\000o\000n\000t\000e\000n\000t}{chapter.22}% 151
\BOOKMARK [1][-]{section.22.4}{\376\377\000S\000u\000m\000m\000a\000r\000y}{chapter.22}% 152
\BOOKMARK [0][-]{chapter.23}{\376\377\000M\000o\000d\000i\000f\000y\000i\000n\000g\000\040\000O\000u\000t\000l\000i\000n\000e\000s}{part.2}% 153
\BOOKMARK [1][-]{section.23.1}{\376\377\000C\000o\000m\000b\000i\000n\000i\000n\000g\000\040\000O\000u\000t\000l\000i\000n\000e\000s}{chapter.23}% 154
\BOOKMARK [1][-]{section.23.2}{\376\377\000A\000d\000d\000i\000n\000g\000\040\000O\000u\000t\000l\000i\000n\000e\000\040\000E\000l\000e\000m\000e\000n\000t\000s}{chapter.23}% 155
\BOOKMARK [1][-]{section.23.3}{\376\377\000P\000d\000f\000O\000u\000t\000l\000i\000n\000e\000\040\000a\000n\000d\000\040\000P\000d\000f\000O\000u\000t\000l\000i\000n\000e\000L\000i\000s\000t}{chapter.23}% 156
\BOOKMARK [1][-]{section.23.4}{\376\377\000R\000e\000p\000l\000a\000c\000i\000n\000g\000\040\000a\000n\000\040\000O\000u\000t\000l\000i\000n\000e}{chapter.23}% 157
\BOOKMARK [1][-]{section.23.5}{\376\377\000M\000o\000d\000i\000f\000y\000i\000n\000g\000\040\000a\000n\000\040\000O\000u\000t\000l\000i\000n\000e}{chapter.23}% 158
\BOOKMARK [1][-]{section.23.6}{\376\377\000A\000d\000d\000i\000n\000g\000\040\000B\000o\000o\000k\000m\000a\000r\000k\000s}{chapter.23}% 159
\BOOKMARK [1][-]{section.23.7}{\376\377\000S\000u\000m\000m\000a\000r\000y}{chapter.23}% 160
\BOOKMARK [0][-]{chapter.24}{\376\377\000M\000o\000d\000i\000f\000y\000i\000n\000g\000\040\000F\000o\000r\000m\000s}{part.2}% 161
\BOOKMARK [1][-]{section.24.1}{\376\377\000F\000o\000r\000m\000\040\000a\000n\000d\000\040\000F\000o\000r\000m\000\040\000F\000i\000e\000l\000d\000s}{chapter.24}% 162
\BOOKMARK [1][-]{section.24.2}{\376\377\000R\000e\000a\000d\000i\000n\000g\000\040\000a\000\040\000C\000o\000m\000p\000l\000e\000t\000e\000d\000\040\000F\000o\000r\000m}{chapter.24}% 163
\BOOKMARK [1][-]{section.24.3}{\376\377\000C\000o\000m\000p\000l\000e\000t\000i\000n\000g\000\040\000a\000\040\000F\000o\000r\000m}{chapter.24}% 164
\BOOKMARK [1][-]{section.24.4}{\376\377\000S\000e\000t\000t\000i\000n\000g\000\040\000F\000o\000r\000m\000\040\000a\000s\000\040\000R\000e\000a\000d\000O\000n\000l\000y}{chapter.24}% 165
\BOOKMARK [1][-]{section.24.5}{\376\377\000M\000o\000d\000i\000f\000y\000i\000n\000g\000\040\000a\000\040\000F\000o\000r\000m}{chapter.24}% 166
\BOOKMARK [1][-]{section.24.6}{\376\377\000F\000l\000a\000t\000t\000e\000n\000i\000n\000g\000\040\000a\000\040\000F\000o\000r\000m}{chapter.24}% 167
\BOOKMARK [1][-]{section.24.7}{\376\377\000S\000u\000m\000m\000a\000r\000y}{chapter.24}% 168
\BOOKMARK [-1][-]{part.3}{\376\377\000I\000I\000I\000\040\000O\000t\000h\000e\000r\000\040\000T\000o\000p\000i\000c\000s}{}% 169
\BOOKMARK [0][-]{chapter.25}{\376\377\000C\000u\000s\000t\000o\000m\000\040\000C\000o\000m\000p\000o\000n\000e\000n\000t\000s}{part.3}% 170
\BOOKMARK [1][-]{section.25.1}{\376\377\000P\000a\000g\000e\000\040\000E\000l\000e\000m\000e\000n\000t\000s}{chapter.25}% 171
\BOOKMARK [1][-]{section.25.2}{\376\377\000E\000x\000t\000e\000n\000d\000i\000n\000g\000\040\000a\000\040\000P\000a\000g\000e\000\040\000E\000l\000e\000m\000e\000n\000t}{chapter.25}% 172
\BOOKMARK [1][-]{section.25.3}{\376\377\000C\000r\000e\000a\000t\000i\000n\000g\000\040\000C\000u\000s\000t\000o\000m\000\040\000C\000o\000m\000p\000o\000n\000e\000n\000t\000s}{chapter.25}% 173
\BOOKMARK [1][-]{section.25.4}{\376\377\000S\000u\000m\000m\000a\000r\000y}{chapter.25}% 174
\BOOKMARK [0][-]{chapter.26}{\376\377\000C\000r\000e\000a\000t\000i\000n\000g\000\040\000R\000e\000p\000o\000r\000t\000s\000\040\000I}{part.3}% 175
\BOOKMARK [1][-]{section.26.1}{\376\377\000D\000e\000v\000e\000l\000o\000p\000m\000e\000n\000t\000\040\000P\000r\000o\000c\000e\000s\000s}{chapter.26}% 176
\BOOKMARK [1][-]{section.26.2}{\376\377\000D\000L\000E\000X\000\040\000\050\000D\000o\000c\000u\000m\000e\000n\000t\000L\000a\000y\000o\000u\000t\000\051}{chapter.26}% 177
\BOOKMARK [1][-]{section.26.3}{\376\377\000L\000a\000y\000o\000u\000t\000D\000a\000t\000a}{chapter.26}% 178
\BOOKMARK [1][-]{section.26.4}{\376\377\000R\000e\000p\000o\000r\000t\000D\000a\000t\000a}{chapter.26}% 179
\BOOKMARK [1][-]{section.26.5}{\376\377\000S\000u\000m\000m\000a\000r\000y}{chapter.26}% 180
\BOOKMARK [0][-]{chapter.27}{\376\377\000C\000r\000e\000a\000t\000i\000n\000g\000\040\000R\000e\000p\000o\000r\000t\000s\000\040\000I\000I}{part.3}% 181
\BOOKMARK [1][-]{section.27.1}{\376\377\000S\000u\000b\000-\000r\000e\000p\000o\000r\000t\000\040\000D\000a\000t\000a\000\040\000a\000n\000d\000\040\000D\000L\000E\000X}{chapter.27}% 182
\BOOKMARK [1][-]{section.27.2}{\376\377\000D\000a\000t\000a}{chapter.27}% 183
\BOOKMARK [1][-]{section.27.3}{\376\377\000D\000L\000E\000X\000\040\000T\000e\000m\000p\000l\000a\000t\000e}{chapter.27}% 184
\BOOKMARK [1][-]{section.27.4}{\376\377\000P\000l\000a\000c\000e\000\040\000H\000o\000l\000d\000e\000r\000s}{chapter.27}% 185
\BOOKMARK [1][-]{section.27.5}{\376\377\000U\000s\000i\000n\000g\000\040\000J\000S\000O\000N}{chapter.27}% 186
\BOOKMARK [1][-]{section.27.6}{\376\377\000S\000u\000m\000m\000a\000r\000y}{chapter.27}% 187
\BOOKMARK [0][-]{chapter.28}{\376\377\000D\000y\000n\000a\000m\000i\000c\000P\000D\000F\000\040\000D\000e\000s\000i\000g\000n\000e\000r}{part.3}% 188
\BOOKMARK [1][-]{section.28.1}{\376\377\000R\000e\000p\000o\000r\000t\000\040\000S\000t\000r\000u\000c\000t\000u\000r\000e}{chapter.28}% 189
\BOOKMARK [1][-]{section.28.2}{\376\377\000L\000a\000y\000o\000u\000t\000\040\000E\000l\000e\000m\000e\000n\000t\000s}{chapter.28}% 190
\BOOKMARK [1][-]{section.28.3}{\376\377\000E\000x\000p\000r\000e\000s\000s\000i\000o\000n\000s}{chapter.28}% 191
\BOOKMARK [1][-]{section.28.4}{\376\377\000S\000u\000m\000m\000a\000r\000y}{chapter.28}% 192
\BOOKMARK [0][-]{chapter*.174}{\376\377\000B\000i\000b\000l\000i\000o\000g\000r\000a\000p\000h\000y}{part.3}% 193
